Consolidate compiler generated dependencies of target all_plugins_obj
[ 50%] Built target all_plugins_obj
[ 51%] bisheng op_arange_kernel
/home/w00964611/board_3510/csrc/ops/op_arange/op_kernel/op_arange_kernel.cpp:30:27: error: invalid digit 'f' in octal constant
    arange_vf(buf_0, 64, 0f);
                          ^
1 error generated.
gmake[2]: *** [CMakeFiles/_C.dir/build.make:95: bisheng/op_arange_kernel.o] Error 1
[ 52%] bisheng op_cast_kernel
/home/w00964611/board_3510/csrc/ops/op_cast/op_kernel/op_cast_kernel.cpp:46:32: warning: 'cce_global' attribute ignored when parsing type [-Wignored-attributes]
    op_cast<<<1, 0, stream>>>((__gm__ half*)x, (__gm__ float*)z);
                               ^~~~~~
/usr/local/Ascend/cann-9.1.0/tools/bisheng_compiler/lib/clang/15.0.5/include/__clang_cce_defines.h:62:31: note: expanded from macro '__gm__'
#define __gm__ __attribute__((cce_global))
                              ^~~~~~~~~~
/home/w00964611/board_3510/csrc/ops/op_cast/op_kernel/op_cast_kernel.cpp:46:49: warning: 'cce_global' attribute ignored when parsing type [-Wignored-attributes]
    op_cast<<<1, 0, stream>>>((__gm__ half*)x, (__gm__ float*)z);
                                                ^~~~~~
/usr/local/Ascend/cann-9.1.0/tools/bisheng_compiler/lib/clang/15.0.5/include/__clang_cce_defines.h:62:31: note: expanded from macro '__gm__'
#define __gm__ __attribute__((cce_global))
                              ^~~~~~~~~~
2 warnings generated.
[ 53%] bisheng op_ceil_kernel
/home/w00964611/board_3510/csrc/ops/op_ceil/op_kernel/op_ceil_kernel.cpp:46:32: warning: 'cce_global' attribute ignored when parsing type [-Wignored-attributes]
    op_ceil<<<1, 0, stream>>>((__gm__ float*)x, (__gm__ float*)z);
                               ^~~~~~
/usr/local/Ascend/cann-9.1.0/tools/bisheng_compiler/lib/clang/15.0.5/include/__clang_cce_defines.h:62:31: note: expanded from macro '__gm__'
#define __gm__ __attribute__((cce_global))
                              ^~~~~~~~~~
/home/w00964611/board_3510/csrc/ops/op_ceil/op_kernel/op_ceil_kernel.cpp:46:50: warning: 'cce_global' attribute ignored when parsing type [-Wignored-attributes]
    op_ceil<<<1, 0, stream>>>((__gm__ float*)x, (__gm__ float*)z);
                                                 ^~~~~~
/usr/local/Ascend/cann-9.1.0/tools/bisheng_compiler/lib/clang/15.0.5/include/__clang_cce_defines.h:62:31: note: expanded from macro '__gm__'
#define __gm__ __attribute__((cce_global))
                              ^~~~~~~~~~
2 warnings generated.
[ 54%] bisheng op_div_kernel
/home/w00964611/board_3510/csrc/ops/op_div/op_kernel/op_div_kernel.cpp:50:31: warning: 'cce_global' attribute ignored when parsing type [-Wignored-attributes]
    op_div<<<1, 0, stream>>>((__gm__ float*)x, (__gm__ float*)y, (__gm__ float*)z);
                              ^~~~~~
/usr/local/Ascend/cann-9.1.0/tools/bisheng_compiler/lib/clang/15.0.5/include/__clang_cce_defines.h:62:31: note: expanded from macro '__gm__'
#define __gm__ __attribute__((cce_global))
                              ^~~~~~~~~~
/home/w00964611/board_3510/csrc/ops/op_div/op_kernel/op_div_kernel.cpp:50:49: warning: 'cce_global' attribute ignored when parsing type [-Wignored-attributes]
    op_div<<<1, 0, stream>>>((__gm__ float*)x, (__gm__ float*)y, (__gm__ float*)z);
                                                ^~~~~~
/usr/local/Ascend/cann-9.1.0/tools/bisheng_compiler/lib/clang/15.0.5/include/__clang_cce_defines.h:62:31: note: expanded from macro '__gm__'
#define __gm__ __attribute__((cce_global))
                              ^~~~~~~~~~
/home/w00964611/board_3510/csrc/ops/op_div/op_kernel/op_div_kernel.cpp:50:67: warning: 'cce_global' attribute ignored when parsing type [-Wignored-attributes]
    op_div<<<1, 0, stream>>>((__gm__ float*)x, (__gm__ float*)y, (__gm__ float*)z);
                                                                  ^~~~~~
/usr/local/Ascend/cann-9.1.0/tools/bisheng_compiler/lib/clang/15.0.5/include/__clang_cce_defines.h:62:31: note: expanded from macro '__gm__'
#define __gm__ __attribute__((cce_global))
                              ^~~~~~~~~~
3 warnings generated.
[ 55%] bisheng op_duplicate_kernel
/home/w00964611/board_3510/csrc/ops/op_duplicate/op_kernel/op_duplicate_kernel.cpp:30:30: error: invalid digit 'f' in decimal constant
    duplicate_vf(buf_0, 64, 3f);
                             ^
1 error generated.
gmake[2]: *** [CMakeFiles/_C.dir/build.make:115: bisheng/op_duplicate_kernel.o] Error 1
[ 56%] bisheng op_exp_kernel
/home/w00964611/board_3510/csrc/ops/op_exp/op_kernel/op_exp_kernel.cpp:46:31: warning: 'cce_global' attribute ignored when parsing type [-Wignored-attributes]
    op_exp<<<1, 0, stream>>>((__gm__ float*)x, (__gm__ float*)z);
                              ^~~~~~
/usr/local/Ascend/cann-9.1.0/tools/bisheng_compiler/lib/clang/15.0.5/include/__clang_cce_defines.h:62:31: note: expanded from macro '__gm__'
#define __gm__ __attribute__((cce_global))
                              ^~~~~~~~~~
/home/w00964611/board_3510/csrc/ops/op_exp/op_kernel/op_exp_kernel.cpp:46:49: warning: 'cce_global' attribute ignored when parsing type [-Wignored-attributes]
    op_exp<<<1, 0, stream>>>((__gm__ float*)x, (__gm__ float*)z);
                                                ^~~~~~
/usr/local/Ascend/cann-9.1.0/tools/bisheng_compiler/lib/clang/15.0.5/include/__clang_cce_defines.h:62:31: note: expanded from macro '__gm__'
#define __gm__ __attribute__((cce_global))
                              ^~~~~~~~~~
2 warnings generated.
[ 57%] bisheng op_floor_kernel
/home/w00964611/board_3510/csrc/ops/op_floor/op_kernel/op_floor_kernel.cpp:46:33: warning: 'cce_global' attribute ignored when parsing type [-Wignored-attributes]
    op_floor<<<1, 0, stream>>>((__gm__ float*)x, (__gm__ float*)z);
                                ^~~~~~
/usr/local/Ascend/cann-9.1.0/tools/bisheng_compiler/lib/clang/15.0.5/include/__clang_cce_defines.h:62:31: note: expanded from macro '__gm__'
#define __gm__ __attribute__((cce_global))
                              ^~~~~~~~~~
/home/w00964611/board_3510/csrc/ops/op_floor/op_kernel/op_floor_kernel.cpp:46:51: warning: 'cce_global' attribute ignored when parsing type [-Wignored-attributes]
    op_floor<<<1, 0, stream>>>((__gm__ float*)x, (__gm__ float*)z);
                                                  ^~~~~~
/usr/local/Ascend/cann-9.1.0/tools/bisheng_compiler/lib/clang/15.0.5/include/__clang_cce_defines.h:62:31: note: expanded from macro '__gm__'
#define __gm__ __attribute__((cce_global))
                              ^~~~~~~~~~
2 warnings generated.
[ 58%] bisheng op_leakyrelu_kernel
/home/w00964611/board_3510/csrc/ops/op_leakyrelu/op_kernel/op_leakyrelu_kernel.cpp:46:37: warning: 'cce_global' attribute ignored when parsing type [-Wignored-attributes]
    op_leakyrelu<<<1, 0, stream>>>((__gm__ float*)x, (__gm__ float*)z);
                                    ^~~~~~
/usr/local/Ascend/cann-9.1.0/tools/bisheng_compiler/lib/clang/15.0.5/include/__clang_cce_defines.h:62:31: note: expanded from macro '__gm__'
#define __gm__ __attribute__((cce_global))
                              ^~~~~~~~~~
/home/w00964611/board_3510/csrc/ops/op_leakyrelu/op_kernel/op_leakyrelu_kernel.cpp:46:55: warning: 'cce_global' attribute ignored when parsing type [-Wignored-attributes]
    op_leakyrelu<<<1, 0, stream>>>((__gm__ float*)x, (__gm__ float*)z);
                                                      ^~~~~~
/usr/local/Ascend/cann-9.1.0/tools/bisheng_compiler/lib/clang/15.0.5/include/__clang_cce_defines.h:62:31: note: expanded from macro '__gm__'
#define __gm__ __attribute__((cce_global))
                              ^~~~~~~~~~
2 warnings generated.
[ 59%] bisheng op_ln_kernel
/home/w00964611/board_3510/csrc/ops/op_ln/op_kernel/op_ln_kernel.cpp:46:30: warning: 'cce_global' attribute ignored when parsing type [-Wignored-attributes]
    op_ln<<<1, 0, stream>>>((__gm__ float*)x, (__gm__ float*)z);
                             ^~~~~~
/usr/local/Ascend/cann-9.1.0/tools/bisheng_compiler/lib/clang/15.0.5/include/__clang_cce_defines.h:62:31: note: expanded from macro '__gm__'
#define __gm__ __attribute__((cce_global))
                              ^~~~~~~~~~
/home/w00964611/board_3510/csrc/ops/op_ln/op_kernel/op_ln_kernel.cpp:46:48: warning: 'cce_global' attribute ignored when parsing type [-Wignored-attributes]
    op_ln<<<1, 0, stream>>>((__gm__ float*)x, (__gm__ float*)z);
                                               ^~~~~~
/usr/local/Ascend/cann-9.1.0/tools/bisheng_compiler/lib/clang/15.0.5/include/__clang_cce_defines.h:62:31: note: expanded from macro '__gm__'
#define __gm__ __attribute__((cce_global))
                              ^~~~~~~~~~
2 warnings generated.
[ 60%] bisheng op_log_kernel
/home/w00964611/board_3510/csrc/ops/op_log/op_kernel/op_log_kernel.cpp:21:9: error: use of undeclared identifier 'asc_log'
        asc_log(reg_dst, reg_src, vmask);
        ^
1 error generated.
/home/w00964611/board_3510/csrc/ops/op_log/op_kernel/op_log_kernel.cpp:21:9: error: use of undeclared identifier 'asc_log'
        asc_log(reg_dst, reg_src, vmask);
        ^
1 error generated.
gmake[2]: *** [CMakeFiles/_C.dir/build.make:140: bisheng/op_log_kernel.o] Error 1
[ 61%] bisheng op_max_kernel
/home/w00964611/board_3510/csrc/ops/op_max/op_kernel/op_max_kernel.cpp:50:31: warning: 'cce_global' attribute ignored when parsing type [-Wignored-attributes]
    op_max<<<1, 0, stream>>>((__gm__ float*)x, (__gm__ float*)y, (__gm__ float*)z);
                              ^~~~~~
/usr/local/Ascend/cann-9.1.0/tools/bisheng_compiler/lib/clang/15.0.5/include/__clang_cce_defines.h:62:31: note: expanded from macro '__gm__'
#define __gm__ __attribute__((cce_global))
                              ^~~~~~~~~~
/home/w00964611/board_3510/csrc/ops/op_max/op_kernel/op_max_kernel.cpp:50:49: warning: 'cce_global' attribute ignored when parsing type [-Wignored-attributes]
    op_max<<<1, 0, stream>>>((__gm__ float*)x, (__gm__ float*)y, (__gm__ float*)z);
                                                ^~~~~~
/usr/local/Ascend/cann-9.1.0/tools/bisheng_compiler/lib/clang/15.0.5/include/__clang_cce_defines.h:62:31: note: expanded from macro '__gm__'
#define __gm__ __attribute__((cce_global))
                              ^~~~~~~~~~
/home/w00964611/board_3510/csrc/ops/op_max/op_kernel/op_max_kernel.cpp:50:67: warning: 'cce_global' attribute ignored when parsing type [-Wignored-attributes]
    op_max<<<1, 0, stream>>>((__gm__ float*)x, (__gm__ float*)y, (__gm__ float*)z);
                                                                  ^~~~~~
/usr/local/Ascend/cann-9.1.0/tools/bisheng_compiler/lib/clang/15.0.5/include/__clang_cce_defines.h:62:31: note: expanded from macro '__gm__'
#define __gm__ __attribute__((cce_global))
                              ^~~~~~~~~~
3 warnings generated.
[ 62%] bisheng op_max_scalar_kernel
/home/w00964611/board_3510/csrc/ops/op_max_scalar/op_kernel/op_max_scalar_kernel.cpp:36:38: error: invalid digit 'f' in decimal constant
    max_scalar_vf(buf_0, buf_1, 64, 1f);
                                     ^
1 error generated.
gmake[2]: *** [CMakeFiles/_C.dir/build.make:150: bisheng/op_max_scalar_kernel.o] Error 1
[ 63%] bisheng op_min_kernel
/home/w00964611/board_3510/csrc/ops/op_min/op_kernel/op_min_kernel.cpp:50:31: warning: 'cce_global' attribute ignored when parsing type [-Wignored-attributes]
    op_min<<<1, 0, stream>>>((__gm__ float*)x, (__gm__ float*)y, (__gm__ float*)z);
                              ^~~~~~
/usr/local/Ascend/cann-9.1.0/tools/bisheng_compiler/lib/clang/15.0.5/include/__clang_cce_defines.h:62:31: note: expanded from macro '__gm__'
#define __gm__ __attribute__((cce_global))
                              ^~~~~~~~~~
/home/w00964611/board_3510/csrc/ops/op_min/op_kernel/op_min_kernel.cpp:50:49: warning: 'cce_global' attribute ignored when parsing type [-Wignored-attributes]
    op_min<<<1, 0, stream>>>((__gm__ float*)x, (__gm__ float*)y, (__gm__ float*)z);
                                                ^~~~~~
/usr/local/Ascend/cann-9.1.0/tools/bisheng_compiler/lib/clang/15.0.5/include/__clang_cce_defines.h:62:31: note: expanded from macro '__gm__'
#define __gm__ __attribute__((cce_global))
                              ^~~~~~~~~~
/home/w00964611/board_3510/csrc/ops/op_min/op_kernel/op_min_kernel.cpp:50:67: warning: 'cce_global' attribute ignored when parsing type [-Wignored-attributes]
    op_min<<<1, 0, stream>>>((__gm__ float*)x, (__gm__ float*)y, (__gm__ float*)z);
                                                                  ^~~~~~
/usr/local/Ascend/cann-9.1.0/tools/bisheng_compiler/lib/clang/15.0.5/include/__clang_cce_defines.h:62:31: note: expanded from macro '__gm__'
#define __gm__ __attribute__((cce_global))
                              ^~~~~~~~~~
3 warnings generated.
[ 64%] bisheng op_min_scalar_kernel
/home/w00964611/board_3510/csrc/ops/op_min_scalar/op_kernel/op_min_scalar_kernel.cpp:36:38: error: invalid digit 'f' in decimal constant
    min_scalar_vf(buf_0, buf_1, 64, 1f);
                                     ^
1 error generated.
gmake[2]: *** [CMakeFiles/_C.dir/build.make:160: bisheng/op_min_scalar_kernel.o] Error 1
[ 65%] bisheng op_mmad_kernel
/home/w00964611/board_3510/csrc/ops/op_mmad/op_kernel/op_mmad_kernel.cpp:21:42: error: use of undeclared identifier 'asc_load_l2_cache_mode'
    asc_copy_gm2l1_nd2nz(a_l1, a, 64ULL, asc_load_l2_cache_mode::NORMAL_FIRST_VICTIM, 32, 16, 0, false);
                                         ^
/home/w00964611/board_3510/csrc/ops/op_mmad/op_kernel/op_mmad_kernel.cpp:23:42: error: use of undeclared identifier 'asc_load_l2_cache_mode'
    asc_copy_gm2l1_nd2nz(b_l1, b, 64ULL, asc_load_l2_cache_mode::NORMAL_FIRST_VICTIM, 32, 16, 0, false);
                                         ^
/home/w00964611/board_3510/csrc/ops/op_mmad/op_kernel/op_mmad_kernel.cpp:32:44: error: use of undeclared identifier 'asc_unit_flag_mode'
    asc_mmad(c_l0, a_l0, b_l0, 32, 16, 32, asc_unit_flag_mode::DISABLE, true, false, true);
                                           ^
/home/w00964611/board_3510/csrc/ops/op_mmad/op_kernel/op_mmad_kernel.cpp:38:47: error: use of undeclared identifier 'asc_load_l2_cache_mode'
    asc_copy_gm2l1_nd2nz(a_l1, a + 16, 64ULL, asc_load_l2_cache_mode::NORMAL_FIRST_VICTIM, 32, 16, 0, false);
                                              ^
/home/w00964611/board_3510/csrc/ops/op_mmad/op_kernel/op_mmad_kernel.cpp:41:47: error: use of undeclared identifier 'asc_load_l2_cache_mode'
    asc_copy_gm2l1_nd2nz(b_l1, b + 16, 64ULL, asc_load_l2_cache_mode::NORMAL_FIRST_VICTIM, 32, 16, 0, false);
                                              ^
/home/w00964611/board_3510/csrc/ops/op_mmad/op_kernel/op_mmad_kernel.cpp:51:44: error: use of undeclared identifier 'asc_unit_flag_mode'
    asc_mmad(c_l0, a_l0, b_l0, 32, 16, 32, asc_unit_flag_mode::DISABLE, true, false, false);
                                           ^
/home/w00964611/board_3510/csrc/ops/op_mmad/op_kernel/op_mmad_kernel.cpp:55:5: error: use of undeclared identifier 'asc_set_l0c_copy_nz_para'
    asc_set_l0c_copy_nz_para(1, 0, 0);
    ^
/home/w00964611/board_3510/csrc/ops/op_mmad/op_kernel/op_mmad_kernel.cpp:56:46: error: use of undeclared identifier 'asc_store_l2_cache_mode'
    asc_copy_l0c2gm(c, c_l0, 32, 32, 32, 32, asc_store_l2_cache_mode::NORMAL_FIRST_VICTIM, asc_unit_flag_mode::DISABLE, QuantMode_t::NoQuant, asc_relu_pre_mode::NONE, false, true, false, false);
                                             ^
/home/w00964611/board_3510/csrc/ops/op_mmad/op_kernel/op_mmad_kernel.cpp:56:92: error: use of undeclared identifier 'asc_unit_flag_mode'
    asc_copy_l0c2gm(c, c_l0, 32, 32, 32, 32, asc_store_l2_cache_mode::NORMAL_FIRST_VICTIM, asc_unit_flag_mode::DISABLE, QuantMode_t::NoQuant, asc_relu_pre_mode::NONE, false, true, false, false);
                                                                                           ^
/home/w00964611/board_3510/csrc/ops/op_mmad/op_kernel/op_mmad_kernel.cpp:56:143: error: use of undeclared identifier 'asc_relu_pre_mode'
    asc_copy_l0c2gm(c, c_l0, 32, 32, 32, 32, asc_store_l2_cache_mode::NORMAL_FIRST_VICTIM, asc_unit_flag_mode::DISABLE, QuantMode_t::NoQuant, asc_relu_pre_mode::NONE, false, true, false, false);
                                                                                                                                              ^
10 errors generated.
gmake[2]: *** [CMakeFiles/_C.dir/build.make:165: bisheng/op_mmad_kernel.o] Error 1
[ 66%] bisheng op_mul_kernel
/home/w00964611/board_3510/csrc/ops/op_mul/op_kernel/op_mul_kernel.cpp:50:31: warning: 'cce_global' attribute ignored when parsing type [-Wignored-attributes]
    op_mul<<<1, 0, stream>>>((__gm__ float*)x, (__gm__ float*)y, (__gm__ float*)z);
                              ^~~~~~
/usr/local/Ascend/cann-9.1.0/tools/bisheng_compiler/lib/clang/15.0.5/include/__clang_cce_defines.h:62:31: note: expanded from macro '__gm__'
#define __gm__ __attribute__((cce_global))
                              ^~~~~~~~~~
/home/w00964611/board_3510/csrc/ops/op_mul/op_kernel/op_mul_kernel.cpp:50:49: warning: 'cce_global' attribute ignored when parsing type [-Wignored-attributes]
    op_mul<<<1, 0, stream>>>((__gm__ float*)x, (__gm__ float*)y, (__gm__ float*)z);
                                                ^~~~~~
/usr/local/Ascend/cann-9.1.0/tools/bisheng_compiler/lib/clang/15.0.5/include/__clang_cce_defines.h:62:31: note: expanded from macro '__gm__'
#define __gm__ __attribute__((cce_global))
                              ^~~~~~~~~~
/home/w00964611/board_3510/csrc/ops/op_mul/op_kernel/op_mul_kernel.cpp:50:67: warning: 'cce_global' attribute ignored when parsing type [-Wignored-attributes]
    op_mul<<<1, 0, stream>>>((__gm__ float*)x, (__gm__ float*)y, (__gm__ float*)z);
                                                                  ^~~~~~
/usr/local/Ascend/cann-9.1.0/tools/bisheng_compiler/lib/clang/15.0.5/include/__clang_cce_defines.h:62:31: note: expanded from macro '__gm__'
#define __gm__ __attribute__((cce_global))
                              ^~~~~~~~~~
3 warnings generated.
[ 67%] bisheng op_mul_scalar_kernel
/home/w00964611/board_3510/csrc/ops/op_mul_scalar/op_kernel/op_mul_scalar_kernel.cpp:36:38: error: invalid digit 'f' in decimal constant
    mul_scalar_vf(buf_0, buf_1, 64, 2f);
                                     ^
1 error generated.
gmake[2]: *** [CMakeFiles/_C.dir/build.make:175: bisheng/op_mul_scalar_kernel.o] Error 1
[ 68%] bisheng op_neg_kernel
/home/w00964611/board_3510/csrc/ops/op_neg/op_kernel/op_neg_kernel.cpp:46:31: warning: 'cce_global' attribute ignored when parsing type [-Wignored-attributes]
    op_neg<<<1, 0, stream>>>((__gm__ float*)x, (__gm__ float*)z);
                              ^~~~~~
/usr/local/Ascend/cann-9.1.0/tools/bisheng_compiler/lib/clang/15.0.5/include/__clang_cce_defines.h:62:31: note: expanded from macro '__gm__'
#define __gm__ __attribute__((cce_global))
                              ^~~~~~~~~~
/home/w00964611/board_3510/csrc/ops/op_neg/op_kernel/op_neg_kernel.cpp:46:49: warning: 'cce_global' attribute ignored when parsing type [-Wignored-attributes]
    op_neg<<<1, 0, stream>>>((__gm__ float*)x, (__gm__ float*)z);
                                                ^~~~~~
/usr/local/Ascend/cann-9.1.0/tools/bisheng_compiler/lib/clang/15.0.5/include/__clang_cce_defines.h:62:31: note: expanded from macro '__gm__'
#define __gm__ __attribute__((cce_global))
                              ^~~~~~~~~~
2 warnings generated.
[ 69%] bisheng op_not_kernel
/home/w00964611/board_3510/csrc/ops/op_not/op_kernel/op_not_kernel.cpp:46:31: warning: 'cce_global' attribute ignored when parsing type [-Wignored-attributes]
    op_not<<<1, 0, stream>>>((__gm__ float*)x, (__gm__ float*)z);
                              ^~~~~~
/usr/local/Ascend/cann-9.1.0/tools/bisheng_compiler/lib/clang/15.0.5/include/__clang_cce_defines.h:62:31: note: expanded from macro '__gm__'
#define __gm__ __attribute__((cce_global))
                              ^~~~~~~~~~
/home/w00964611/board_3510/csrc/ops/op_not/op_kernel/op_not_kernel.cpp:46:49: warning: 'cce_global' attribute ignored when parsing type [-Wignored-attributes]
    op_not<<<1, 0, stream>>>((__gm__ float*)x, (__gm__ float*)z);
                                                ^~~~~~
/usr/local/Ascend/cann-9.1.0/tools/bisheng_compiler/lib/clang/15.0.5/include/__clang_cce_defines.h:62:31: note: expanded from macro '__gm__'
#define __gm__ __attribute__((cce_global))
                              ^~~~~~~~~~
2 warnings generated.
[ 70%] bisheng op_or_kernel
/home/w00964611/board_3510/csrc/ops/op_or/op_kernel/op_or_kernel.cpp:50:30: warning: 'cce_global' attribute ignored when parsing type [-Wignored-attributes]
    op_or<<<1, 0, stream>>>((__gm__ float*)x, (__gm__ float*)y, (__gm__ float*)z);
                             ^~~~~~
/usr/local/Ascend/cann-9.1.0/tools/bisheng_compiler/lib/clang/15.0.5/include/__clang_cce_defines.h:62:31: note: expanded from macro '__gm__'
#define __gm__ __attribute__((cce_global))
                              ^~~~~~~~~~
/home/w00964611/board_3510/csrc/ops/op_or/op_kernel/op_or_kernel.cpp:50:48: warning: 'cce_global' attribute ignored when parsing type [-Wignored-attributes]
    op_or<<<1, 0, stream>>>((__gm__ float*)x, (__gm__ float*)y, (__gm__ float*)z);
                                               ^~~~~~
/usr/local/Ascend/cann-9.1.0/tools/bisheng_compiler/lib/clang/15.0.5/include/__clang_cce_defines.h:62:31: note: expanded from macro '__gm__'
#define __gm__ __attribute__((cce_global))
                              ^~~~~~~~~~
/home/w00964611/board_3510/csrc/ops/op_or/op_kernel/op_or_kernel.cpp:50:66: warning: 'cce_global' attribute ignored when parsing type [-Wignored-attributes]
    op_or<<<1, 0, stream>>>((__gm__ float*)x, (__gm__ float*)y, (__gm__ float*)z);
                                                                 ^~~~~~
/usr/local/Ascend/cann-9.1.0/tools/bisheng_compiler/lib/clang/15.0.5/include/__clang_cce_defines.h:62:31: note: expanded from macro '__gm__'
#define __gm__ __attribute__((cce_global))
                              ^~~~~~~~~~
3 warnings generated.
[ 71%] bisheng op_prelu_kernel
/home/w00964611/board_3510/csrc/ops/op_prelu/op_kernel/op_prelu_kernel.cpp:50:33: warning: 'cce_global' attribute ignored when parsing type [-Wignored-attributes]
    op_prelu<<<1, 0, stream>>>((__gm__ float*)x, (__gm__ float*)y, (__gm__ float*)z);
                                ^~~~~~
/usr/local/Ascend/cann-9.1.0/tools/bisheng_compiler/lib/clang/15.0.5/include/__clang_cce_defines.h:62:31: note: expanded from macro '__gm__'
#define __gm__ __attribute__((cce_global))
                              ^~~~~~~~~~
/home/w00964611/board_3510/csrc/ops/op_prelu/op_kernel/op_prelu_kernel.cpp:50:51: warning: 'cce_global' attribute ignored when parsing type [-Wignored-attributes]
    op_prelu<<<1, 0, stream>>>((__gm__ float*)x, (__gm__ float*)y, (__gm__ float*)z);
                                                  ^~~~~~
/usr/local/Ascend/cann-9.1.0/tools/bisheng_compiler/lib/clang/15.0.5/include/__clang_cce_defines.h:62:31: note: expanded from macro '__gm__'
#define __gm__ __attribute__((cce_global))
                              ^~~~~~~~~~
/home/w00964611/board_3510/csrc/ops/op_prelu/op_kernel/op_prelu_kernel.cpp:50:69: warning: 'cce_global' attribute ignored when parsing type [-Wignored-attributes]
    op_prelu<<<1, 0, stream>>>((__gm__ float*)x, (__gm__ float*)y, (__gm__ float*)z);
                                                                    ^~~~~~
/usr/local/Ascend/cann-9.1.0/tools/bisheng_compiler/lib/clang/15.0.5/include/__clang_cce_defines.h:62:31: note: expanded from macro '__gm__'
#define __gm__ __attribute__((cce_global))
                              ^~~~~~~~~~
3 warnings generated.
[ 72%] bisheng op_relu_kernel
/home/w00964611/board_3510/csrc/ops/op_relu/op_kernel/op_relu_kernel.cpp:46:32: warning: 'cce_global' attribute ignored when parsing type [-Wignored-attributes]
    op_relu<<<1, 0, stream>>>((__gm__ float*)x, (__gm__ float*)z);
                               ^~~~~~
/usr/local/Ascend/cann-9.1.0/tools/bisheng_compiler/lib/clang/15.0.5/include/__clang_cce_defines.h:62:31: note: expanded from macro '__gm__'
#define __gm__ __attribute__((cce_global))
                              ^~~~~~~~~~
/home/w00964611/board_3510/csrc/ops/op_relu/op_kernel/op_relu_kernel.cpp:46:50: warning: 'cce_global' attribute ignored when parsing type [-Wignored-attributes]
    op_relu<<<1, 0, stream>>>((__gm__ float*)x, (__gm__ float*)z);
                                                 ^~~~~~
/usr/local/Ascend/cann-9.1.0/tools/bisheng_compiler/lib/clang/15.0.5/include/__clang_cce_defines.h:62:31: note: expanded from macro '__gm__'
#define __gm__ __attribute__((cce_global))
                              ^~~~~~~~~~
2 warnings generated.
[ 73%] bisheng op_repeat_reduce_sum_kernel
/home/w00964611/board_3510/csrc/ops/op_repeat_reduce_sum/op_kernel/op_repeat_reduce_sum_kernel.cpp:49:45: warning: 'cce_global' attribute ignored when parsing type [-Wignored-attributes]
    op_repeat_reduce_sum<<<1, 0, stream>>>((__gm__ float*)x, (__gm__ float*)z);
                                            ^~~~~~
/usr/local/Ascend/cann-9.1.0/tools/bisheng_compiler/lib/clang/15.0.5/include/__clang_cce_defines.h:62:31: note: expanded from macro '__gm__'
#define __gm__ __attribute__((cce_global))
                              ^~~~~~~~~~
/home/w00964611/board_3510/csrc/ops/op_repeat_reduce_sum/op_kernel/op_repeat_reduce_sum_kernel.cpp:49:63: warning: 'cce_global' attribute ignored when parsing type [-Wignored-attributes]
    op_repeat_reduce_sum<<<1, 0, stream>>>((__gm__ float*)x, (__gm__ float*)z);
                                                              ^~~~~~
/usr/local/Ascend/cann-9.1.0/tools/bisheng_compiler/lib/clang/15.0.5/include/__clang_cce_defines.h:62:31: note: expanded from macro '__gm__'
#define __gm__ __attribute__((cce_global))
                              ^~~~~~~~~~
2 warnings generated.
[ 74%] bisheng op_rint_kernel
/home/w00964611/board_3510/csrc/ops/op_rint/op_kernel/op_rint_kernel.cpp:46:32: warning: 'cce_global' attribute ignored when parsing type [-Wignored-attributes]
    op_rint<<<1, 0, stream>>>((__gm__ float*)x, (__gm__ float*)z);
                               ^~~~~~
/usr/local/Ascend/cann-9.1.0/tools/bisheng_compiler/lib/clang/15.0.5/include/__clang_cce_defines.h:62:31: note: expanded from macro '__gm__'
#define __gm__ __attribute__((cce_global))
                              ^~~~~~~~~~
/home/w00964611/board_3510/csrc/ops/op_rint/op_kernel/op_rint_kernel.cpp:46:50: warning: 'cce_global' attribute ignored when parsing type [-Wignored-attributes]
    op_rint<<<1, 0, stream>>>((__gm__ float*)x, (__gm__ float*)z);
                                                 ^~~~~~
/usr/local/Ascend/cann-9.1.0/tools/bisheng_compiler/lib/clang/15.0.5/include/__clang_cce_defines.h:62:31: note: expanded from macro '__gm__'
#define __gm__ __attribute__((cce_global))
                              ^~~~~~~~~~
2 warnings generated.
[ 75%] bisheng op_round_kernel
/home/w00964611/board_3510/csrc/ops/op_round/op_kernel/op_round_kernel.cpp:46:33: warning: 'cce_global' attribute ignored when parsing type [-Wignored-attributes]
    op_round<<<1, 0, stream>>>((__gm__ float*)x, (__gm__ float*)z);
                                ^~~~~~
/usr/local/Ascend/cann-9.1.0/tools/bisheng_compiler/lib/clang/15.0.5/include/__clang_cce_defines.h:62:31: note: expanded from macro '__gm__'
#define __gm__ __attribute__((cce_global))
                              ^~~~~~~~~~
/home/w00964611/board_3510/csrc/ops/op_round/op_kernel/op_round_kernel.cpp:46:51: warning: 'cce_global' attribute ignored when parsing type [-Wignored-attributes]
    op_round<<<1, 0, stream>>>((__gm__ float*)x, (__gm__ float*)z);
                                                  ^~~~~~
/usr/local/Ascend/cann-9.1.0/tools/bisheng_compiler/lib/clang/15.0.5/include/__clang_cce_defines.h:62:31: note: expanded from macro '__gm__'
#define __gm__ __attribute__((cce_global))
                              ^~~~~~~~~~
2 warnings generated.
[ 76%] bisheng op_select_eq_kernel
/home/w00964611/board_3510/csrc/ops/op_select_eq/op_kernel/op_select_eq_kernel.cpp:52:37: warning: 'cce_global' attribute ignored when parsing type [-Wignored-attributes]
    op_select_eq<<<1, 0, stream>>>((__gm__ float*)x, (__gm__ float*)y, (__gm__ float*)z);
                                    ^~~~~~
/usr/local/Ascend/cann-9.1.0/tools/bisheng_compiler/lib/clang/15.0.5/include/__clang_cce_defines.h:62:31: note: expanded from macro '__gm__'
#define __gm__ __attribute__((cce_global))
                              ^~~~~~~~~~
/home/w00964611/board_3510/csrc/ops/op_select_eq/op_kernel/op_select_eq_kernel.cpp:52:55: warning: 'cce_global' attribute ignored when parsing type [-Wignored-attributes]
    op_select_eq<<<1, 0, stream>>>((__gm__ float*)x, (__gm__ float*)y, (__gm__ float*)z);
                                                      ^~~~~~
/usr/local/Ascend/cann-9.1.0/tools/bisheng_compiler/lib/clang/15.0.5/include/__clang_cce_defines.h:62:31: note: expanded from macro '__gm__'
#define __gm__ __attribute__((cce_global))
                              ^~~~~~~~~~
/home/w00964611/board_3510/csrc/ops/op_select_eq/op_kernel/op_select_eq_kernel.cpp:52:73: warning: 'cce_global' attribute ignored when parsing type [-Wignored-attributes]
    op_select_eq<<<1, 0, stream>>>((__gm__ float*)x, (__gm__ float*)y, (__gm__ float*)z);
                                                                        ^~~~~~
/usr/local/Ascend/cann-9.1.0/tools/bisheng_compiler/lib/clang/15.0.5/include/__clang_cce_defines.h:62:31: note: expanded from macro '__gm__'
#define __gm__ __attribute__((cce_global))
                              ^~~~~~~~~~
3 warnings generated.
[ 77%] bisheng op_select_eq_scalar_kernel
/home/w00964611/board_3510/csrc/ops/op_select_eq_scalar/op_kernel/op_select_eq_scalar_kernel.cpp:42:51: error: invalid digit 'f' in decimal constant
    select_eq_scalar_vf(buf_0, buf_1, buf_2, 64, 1f);
                                                  ^
1 error generated.
gmake[2]: *** [CMakeFiles/_C.dir/build.make:230: bisheng/op_select_eq_scalar_kernel.o] Error 1
[ 78%] bisheng op_select_ge_kernel
/home/w00964611/board_3510/csrc/ops/op_select_ge/op_kernel/op_select_ge_kernel.cpp:52:37: warning: 'cce_global' attribute ignored when parsing type [-Wignored-attributes]
    op_select_ge<<<1, 0, stream>>>((__gm__ float*)x, (__gm__ float*)y, (__gm__ float*)z);
                                    ^~~~~~
/usr/local/Ascend/cann-9.1.0/tools/bisheng_compiler/lib/clang/15.0.5/include/__clang_cce_defines.h:62:31: note: expanded from macro '__gm__'
#define __gm__ __attribute__((cce_global))
                              ^~~~~~~~~~
/home/w00964611/board_3510/csrc/ops/op_select_ge/op_kernel/op_select_ge_kernel.cpp:52:55: warning: 'cce_global' attribute ignored when parsing type [-Wignored-attributes]
    op_select_ge<<<1, 0, stream>>>((__gm__ float*)x, (__gm__ float*)y, (__gm__ float*)z);
                                                      ^~~~~~
/usr/local/Ascend/cann-9.1.0/tools/bisheng_compiler/lib/clang/15.0.5/include/__clang_cce_defines.h:62:31: note: expanded from macro '__gm__'
#define __gm__ __attribute__((cce_global))
                              ^~~~~~~~~~
/home/w00964611/board_3510/csrc/ops/op_select_ge/op_kernel/op_select_ge_kernel.cpp:52:73: warning: 'cce_global' attribute ignored when parsing type [-Wignored-attributes]
    op_select_ge<<<1, 0, stream>>>((__gm__ float*)x, (__gm__ float*)y, (__gm__ float*)z);
                                                                        ^~~~~~
/usr/local/Ascend/cann-9.1.0/tools/bisheng_compiler/lib/clang/15.0.5/include/__clang_cce_defines.h:62:31: note: expanded from macro '__gm__'
#define __gm__ __attribute__((cce_global))
                              ^~~~~~~~~~
3 warnings generated.
[ 79%] bisheng op_select_ge_scalar_kernel
/home/w00964611/board_3510/csrc/ops/op_select_ge_scalar/op_kernel/op_select_ge_scalar_kernel.cpp:42:51: error: invalid digit 'f' in decimal constant
    select_ge_scalar_vf(buf_0, buf_1, buf_2, 64, 1f);
                                                  ^
1 error generated.
gmake[2]: *** [CMakeFiles/_C.dir/build.make:240: bisheng/op_select_ge_scalar_kernel.o] Error 1
[ 80%] bisheng op_select_gt_kernel
/home/w00964611/board_3510/csrc/ops/op_select_gt/op_kernel/op_select_gt_kernel.cpp:52:37: warning: 'cce_global' attribute ignored when parsing type [-Wignored-attributes]
    op_select_gt<<<1, 0, stream>>>((__gm__ float*)x, (__gm__ float*)y, (__gm__ float*)z);
                                    ^~~~~~
/usr/local/Ascend/cann-9.1.0/tools/bisheng_compiler/lib/clang/15.0.5/include/__clang_cce_defines.h:62:31: note: expanded from macro '__gm__'
#define __gm__ __attribute__((cce_global))
                              ^~~~~~~~~~
/home/w00964611/board_3510/csrc/ops/op_select_gt/op_kernel/op_select_gt_kernel.cpp:52:55: warning: 'cce_global' attribute ignored when parsing type [-Wignored-attributes]
    op_select_gt<<<1, 0, stream>>>((__gm__ float*)x, (__gm__ float*)y, (__gm__ float*)z);
                                                      ^~~~~~
/usr/local/Ascend/cann-9.1.0/tools/bisheng_compiler/lib/clang/15.0.5/include/__clang_cce_defines.h:62:31: note: expanded from macro '__gm__'
#define __gm__ __attribute__((cce_global))
                              ^~~~~~~~~~
/home/w00964611/board_3510/csrc/ops/op_select_gt/op_kernel/op_select_gt_kernel.cpp:52:73: warning: 'cce_global' attribute ignored when parsing type [-Wignored-attributes]
    op_select_gt<<<1, 0, stream>>>((__gm__ float*)x, (__gm__ float*)y, (__gm__ float*)z);
                                                                        ^~~~~~
/usr/local/Ascend/cann-9.1.0/tools/bisheng_compiler/lib/clang/15.0.5/include/__clang_cce_defines.h:62:31: note: expanded from macro '__gm__'
#define __gm__ __attribute__((cce_global))
                              ^~~~~~~~~~
3 warnings generated.
[ 81%] bisheng op_select_gt_scalar_kernel
/home/w00964611/board_3510/csrc/ops/op_select_gt_scalar/op_kernel/op_select_gt_scalar_kernel.cpp:42:51: error: invalid digit 'f' in decimal constant
    select_gt_scalar_vf(buf_0, buf_1, buf_2, 64, 1f);
                                                  ^
1 error generated.
gmake[2]: *** [CMakeFiles/_C.dir/build.make:250: bisheng/op_select_gt_scalar_kernel.o] Error 1
[ 82%] bisheng op_select_kernel
/home/w00964611/board_3510/csrc/ops/op_select/op_kernel/op_select_kernel.cpp:55:34: warning: 'cce_global' attribute ignored when parsing type [-Wignored-attributes]
    op_select<<<1, 0, stream>>>((__gm__ float*)x, (__gm__ float*)y, (__gm__ uint8_t*)mask, (__gm__ float*)z);
                                 ^~~~~~
/usr/local/Ascend/cann-9.1.0/tools/bisheng_compiler/lib/clang/15.0.5/include/__clang_cce_defines.h:62:31: note: expanded from macro '__gm__'
#define __gm__ __attribute__((cce_global))
                              ^~~~~~~~~~
/home/w00964611/board_3510/csrc/ops/op_select/op_kernel/op_select_kernel.cpp:55:52: warning: 'cce_global' attribute ignored when parsing type [-Wignored-attributes]
    op_select<<<1, 0, stream>>>((__gm__ float*)x, (__gm__ float*)y, (__gm__ uint8_t*)mask, (__gm__ float*)z);
                                                   ^~~~~~
/usr/local/Ascend/cann-9.1.0/tools/bisheng_compiler/lib/clang/15.0.5/include/__clang_cce_defines.h:62:31: note: expanded from macro '__gm__'
#define __gm__ __attribute__((cce_global))
                              ^~~~~~~~~~
/home/w00964611/board_3510/csrc/ops/op_select/op_kernel/op_select_kernel.cpp:55:70: warning: 'cce_global' attribute ignored when parsing type [-Wignored-attributes]
    op_select<<<1, 0, stream>>>((__gm__ float*)x, (__gm__ float*)y, (__gm__ uint8_t*)mask, (__gm__ float*)z);
                                                                     ^~~~~~
/usr/local/Ascend/cann-9.1.0/tools/bisheng_compiler/lib/clang/15.0.5/include/__clang_cce_defines.h:62:31: note: expanded from macro '__gm__'
#define __gm__ __attribute__((cce_global))
                              ^~~~~~~~~~
/home/w00964611/board_3510/csrc/ops/op_select/op_kernel/op_select_kernel.cpp:55:93: warning: 'cce_global' attribute ignored when parsing type [-Wignored-attributes]
    op_select<<<1, 0, stream>>>((__gm__ float*)x, (__gm__ float*)y, (__gm__ uint8_t*)mask, (__gm__ float*)z);
                                                                                            ^~~~~~
/usr/local/Ascend/cann-9.1.0/tools/bisheng_compiler/lib/clang/15.0.5/include/__clang_cce_defines.h:62:31: note: expanded from macro '__gm__'
#define __gm__ __attribute__((cce_global))
                              ^~~~~~~~~~
4 warnings generated.
[ 83%] bisheng op_select_le_kernel
/home/w00964611/board_3510/csrc/ops/op_select_le/op_kernel/op_select_le_kernel.cpp:52:37: warning: 'cce_global' attribute ignored when parsing type [-Wignored-attributes]
    op_select_le<<<1, 0, stream>>>((__gm__ float*)x, (__gm__ float*)y, (__gm__ float*)z);
                                    ^~~~~~
/usr/local/Ascend/cann-9.1.0/tools/bisheng_compiler/lib/clang/15.0.5/include/__clang_cce_defines.h:62:31: note: expanded from macro '__gm__'
#define __gm__ __attribute__((cce_global))
                              ^~~~~~~~~~
/home/w00964611/board_3510/csrc/ops/op_select_le/op_kernel/op_select_le_kernel.cpp:52:55: warning: 'cce_global' attribute ignored when parsing type [-Wignored-attributes]
    op_select_le<<<1, 0, stream>>>((__gm__ float*)x, (__gm__ float*)y, (__gm__ float*)z);
                                                      ^~~~~~
/usr/local/Ascend/cann-9.1.0/tools/bisheng_compiler/lib/clang/15.0.5/include/__clang_cce_defines.h:62:31: note: expanded from macro '__gm__'
#define __gm__ __attribute__((cce_global))
                              ^~~~~~~~~~
/home/w00964611/board_3510/csrc/ops/op_select_le/op_kernel/op_select_le_kernel.cpp:52:73: warning: 'cce_global' attribute ignored when parsing type [-Wignored-attributes]
    op_select_le<<<1, 0, stream>>>((__gm__ float*)x, (__gm__ float*)y, (__gm__ float*)z);
                                                                        ^~~~~~
/usr/local/Ascend/cann-9.1.0/tools/bisheng_compiler/lib/clang/15.0.5/include/__clang_cce_defines.h:62:31: note: expanded from macro '__gm__'
#define __gm__ __attribute__((cce_global))
                              ^~~~~~~~~~
3 warnings generated.
[ 84%] bisheng op_select_le_scalar_kernel
/home/w00964611/board_3510/csrc/ops/op_select_le_scalar/op_kernel/op_select_le_scalar_kernel.cpp:42:51: error: invalid digit 'f' in decimal constant
    select_le_scalar_vf(buf_0, buf_1, buf_2, 64, 1f);
                                                  ^
1 error generated.
gmake[2]: *** [CMakeFiles/_C.dir/build.make:260: bisheng/op_select_le_scalar_kernel.o] Error 1
[ 85%] bisheng op_select_lt_kernel
/home/w00964611/board_3510/csrc/ops/op_select_lt/op_kernel/op_select_lt_kernel.cpp:52:37: warning: 'cce_global' attribute ignored when parsing type [-Wignored-attributes]
    op_select_lt<<<1, 0, stream>>>((__gm__ float*)x, (__gm__ float*)y, (__gm__ float*)z);
                                    ^~~~~~
/usr/local/Ascend/cann-9.1.0/tools/bisheng_compiler/lib/clang/15.0.5/include/__clang_cce_defines.h:62:31: note: expanded from macro '__gm__'
#define __gm__ __attribute__((cce_global))
                              ^~~~~~~~~~
/home/w00964611/board_3510/csrc/ops/op_select_lt/op_kernel/op_select_lt_kernel.cpp:52:55: warning: 'cce_global' attribute ignored when parsing type [-Wignored-attributes]
    op_select_lt<<<1, 0, stream>>>((__gm__ float*)x, (__gm__ float*)y, (__gm__ float*)z);
                                                      ^~~~~~
/usr/local/Ascend/cann-9.1.0/tools/bisheng_compiler/lib/clang/15.0.5/include/__clang_cce_defines.h:62:31: note: expanded from macro '__gm__'
#define __gm__ __attribute__((cce_global))
                              ^~~~~~~~~~
/home/w00964611/board_3510/csrc/ops/op_select_lt/op_kernel/op_select_lt_kernel.cpp:52:73: warning: 'cce_global' attribute ignored when parsing type [-Wignored-attributes]
    op_select_lt<<<1, 0, stream>>>((__gm__ float*)x, (__gm__ float*)y, (__gm__ float*)z);
                                                                        ^~~~~~
/usr/local/Ascend/cann-9.1.0/tools/bisheng_compiler/lib/clang/15.0.5/include/__clang_cce_defines.h:62:31: note: expanded from macro '__gm__'
#define __gm__ __attribute__((cce_global))
                              ^~~~~~~~~~
3 warnings generated.
[ 86%] bisheng op_select_lt_scalar_kernel
/home/w00964611/board_3510/csrc/ops/op_select_lt_scalar/op_kernel/op_select_lt_scalar_kernel.cpp:42:51: error: invalid digit 'f' in decimal constant
    select_lt_scalar_vf(buf_0, buf_1, buf_2, 64, 1f);
                                                  ^
1 error generated.
gmake[2]: *** [CMakeFiles/_C.dir/build.make:270: bisheng/op_select_lt_scalar_kernel.o] Error 1
[ 87%] bisheng op_select_ne_kernel
/home/w00964611/board_3510/csrc/ops/op_select_ne/op_kernel/op_select_ne_kernel.cpp:52:37: warning: 'cce_global' attribute ignored when parsing type [-Wignored-attributes]
    op_select_ne<<<1, 0, stream>>>((__gm__ float*)x, (__gm__ float*)y, (__gm__ float*)z);
                                    ^~~~~~
/usr/local/Ascend/cann-9.1.0/tools/bisheng_compiler/lib/clang/15.0.5/include/__clang_cce_defines.h:62:31: note: expanded from macro '__gm__'
#define __gm__ __attribute__((cce_global))
                              ^~~~~~~~~~
/home/w00964611/board_3510/csrc/ops/op_select_ne/op_kernel/op_select_ne_kernel.cpp:52:55: warning: 'cce_global' attribute ignored when parsing type [-Wignored-attributes]
    op_select_ne<<<1, 0, stream>>>((__gm__ float*)x, (__gm__ float*)y, (__gm__ float*)z);
                                                      ^~~~~~
/usr/local/Ascend/cann-9.1.0/tools/bisheng_compiler/lib/clang/15.0.5/include/__clang_cce_defines.h:62:31: note: expanded from macro '__gm__'
#define __gm__ __attribute__((cce_global))
                              ^~~~~~~~~~
/home/w00964611/board_3510/csrc/ops/op_select_ne/op_kernel/op_select_ne_kernel.cpp:52:73: warning: 'cce_global' attribute ignored when parsing type [-Wignored-attributes]
    op_select_ne<<<1, 0, stream>>>((__gm__ float*)x, (__gm__ float*)y, (__gm__ float*)z);
                                                                        ^~~~~~
/usr/local/Ascend/cann-9.1.0/tools/bisheng_compiler/lib/clang/15.0.5/include/__clang_cce_defines.h:62:31: note: expanded from macro '__gm__'
#define __gm__ __attribute__((cce_global))
                              ^~~~~~~~~~
3 warnings generated.
[ 88%] bisheng op_select_ne_scalar_kernel
/home/w00964611/board_3510/csrc/ops/op_select_ne_scalar/op_kernel/op_select_ne_scalar_kernel.cpp:42:51: error: invalid digit 'f' in decimal constant
    select_ne_scalar_vf(buf_0, buf_1, buf_2, 64, 1f);
                                                  ^
1 error generated.
gmake[2]: *** [CMakeFiles/_C.dir/build.make:280: bisheng/op_select_ne_scalar_kernel.o] Error 1
[ 89%] bisheng op_shiftleft_kernel
/home/w00964611/board_3510/csrc/ops/op_shiftleft/op_kernel/op_shiftleft_kernel.cpp:50:37: warning: 'cce_global' attribute ignored when parsing type [-Wignored-attributes]
    op_shiftleft<<<1, 0, stream>>>((__gm__ int32_t*)x, (__gm__ int32_t*)y, (__gm__ int32_t*)z);
                                    ^~~~~~
/usr/local/Ascend/cann-9.1.0/tools/bisheng_compiler/lib/clang/15.0.5/include/__clang_cce_defines.h:62:31: note: expanded from macro '__gm__'
#define __gm__ __attribute__((cce_global))
                              ^~~~~~~~~~
/home/w00964611/board_3510/csrc/ops/op_shiftleft/op_kernel/op_shiftleft_kernel.cpp:50:57: warning: 'cce_global' attribute ignored when parsing type [-Wignored-attributes]
    op_shiftleft<<<1, 0, stream>>>((__gm__ int32_t*)x, (__gm__ int32_t*)y, (__gm__ int32_t*)z);
                                                        ^~~~~~
/usr/local/Ascend/cann-9.1.0/tools/bisheng_compiler/lib/clang/15.0.5/include/__clang_cce_defines.h:62:31: note: expanded from macro '__gm__'
#define __gm__ __attribute__((cce_global))
                              ^~~~~~~~~~
/home/w00964611/board_3510/csrc/ops/op_shiftleft/op_kernel/op_shiftleft_kernel.cpp:50:77: warning: 'cce_global' attribute ignored when parsing type [-Wignored-attributes]
    op_shiftleft<<<1, 0, stream>>>((__gm__ int32_t*)x, (__gm__ int32_t*)y, (__gm__ int32_t*)z);
                                                                            ^~~~~~
/usr/local/Ascend/cann-9.1.0/tools/bisheng_compiler/lib/clang/15.0.5/include/__clang_cce_defines.h:62:31: note: expanded from macro '__gm__'
#define __gm__ __attribute__((cce_global))
                              ^~~~~~~~~~
3 warnings generated.
[ 90%] bisheng op_shiftleft_scalar_kernel
/home/w00964611/board_3510/csrc/ops/op_shiftleft_scalar/op_kernel/op_shiftleft_scalar_kernel.cpp:46:44: warning: 'cce_global' attribute ignored when parsing type [-Wignored-attributes]
    op_shiftleft_scalar<<<1, 0, stream>>>((__gm__ int32_t*)x, (__gm__ int32_t*)z);
                                           ^~~~~~
/usr/local/Ascend/cann-9.1.0/tools/bisheng_compiler/lib/clang/15.0.5/include/__clang_cce_defines.h:62:31: note: expanded from macro '__gm__'
#define __gm__ __attribute__((cce_global))
                              ^~~~~~~~~~
/home/w00964611/board_3510/csrc/ops/op_shiftleft_scalar/op_kernel/op_shiftleft_scalar_kernel.cpp:46:64: warning: 'cce_global' attribute ignored when parsing type [-Wignored-attributes]
    op_shiftleft_scalar<<<1, 0, stream>>>((__gm__ int32_t*)x, (__gm__ int32_t*)z);
                                                               ^~~~~~
/usr/local/Ascend/cann-9.1.0/tools/bisheng_compiler/lib/clang/15.0.5/include/__clang_cce_defines.h:62:31: note: expanded from macro '__gm__'
#define __gm__ __attribute__((cce_global))
                              ^~~~~~~~~~
2 warnings generated.
[ 91%] bisheng op_shiftright_kernel
/home/w00964611/board_3510/csrc/ops/op_shiftright/op_kernel/op_shiftright_kernel.cpp:50:38: warning: 'cce_global' attribute ignored when parsing type [-Wignored-attributes]
    op_shiftright<<<1, 0, stream>>>((__gm__ int32_t*)x, (__gm__ int32_t*)y, (__gm__ int32_t*)z);
                                     ^~~~~~
/usr/local/Ascend/cann-9.1.0/tools/bisheng_compiler/lib/clang/15.0.5/include/__clang_cce_defines.h:62:31: note: expanded from macro '__gm__'
#define __gm__ __attribute__((cce_global))
                              ^~~~~~~~~~
/home/w00964611/board_3510/csrc/ops/op_shiftright/op_kernel/op_shiftright_kernel.cpp:50:58: warning: 'cce_global' attribute ignored when parsing type [-Wignored-attributes]
    op_shiftright<<<1, 0, stream>>>((__gm__ int32_t*)x, (__gm__ int32_t*)y, (__gm__ int32_t*)z);
                                                         ^~~~~~
/usr/local/Ascend/cann-9.1.0/tools/bisheng_compiler/lib/clang/15.0.5/include/__clang_cce_defines.h:62:31: note: expanded from macro '__gm__'
#define __gm__ __attribute__((cce_global))
                              ^~~~~~~~~~
/home/w00964611/board_3510/csrc/ops/op_shiftright/op_kernel/op_shiftright_kernel.cpp:50:78: warning: 'cce_global' attribute ignored when parsing type [-Wignored-attributes]
    op_shiftright<<<1, 0, stream>>>((__gm__ int32_t*)x, (__gm__ int32_t*)y, (__gm__ int32_t*)z);
                                                                             ^~~~~~
/usr/local/Ascend/cann-9.1.0/tools/bisheng_compiler/lib/clang/15.0.5/include/__clang_cce_defines.h:62:31: note: expanded from macro '__gm__'
#define __gm__ __attribute__((cce_global))
                              ^~~~~~~~~~
3 warnings generated.
[ 92%] bisheng op_shiftright_scalar_kernel
/home/w00964611/board_3510/csrc/ops/op_shiftright_scalar/op_kernel/op_shiftright_scalar_kernel.cpp:46:45: warning: 'cce_global' attribute ignored when parsing type [-Wignored-attributes]
    op_shiftright_scalar<<<1, 0, stream>>>((__gm__ int32_t*)x, (__gm__ int32_t*)z);
                                            ^~~~~~
/usr/local/Ascend/cann-9.1.0/tools/bisheng_compiler/lib/clang/15.0.5/include/__clang_cce_defines.h:62:31: note: expanded from macro '__gm__'
#define __gm__ __attribute__((cce_global))
                              ^~~~~~~~~~
/home/w00964611/board_3510/csrc/ops/op_shiftright_scalar/op_kernel/op_shiftright_scalar_kernel.cpp:46:65: warning: 'cce_global' attribute ignored when parsing type [-Wignored-attributes]
    op_shiftright_scalar<<<1, 0, stream>>>((__gm__ int32_t*)x, (__gm__ int32_t*)z);
                                                                ^~~~~~
/usr/local/Ascend/cann-9.1.0/tools/bisheng_compiler/lib/clang/15.0.5/include/__clang_cce_defines.h:62:31: note: expanded from macro '__gm__'
#define __gm__ __attribute__((cce_global))
                              ^~~~~~~~~~
2 warnings generated.
[ 93%] bisheng op_sqrt_kernel
/home/w00964611/board_3510/csrc/ops/op_sqrt/op_kernel/op_sqrt_kernel.cpp:46:32: warning: 'cce_global' attribute ignored when parsing type [-Wignored-attributes]
    op_sqrt<<<1, 0, stream>>>((__gm__ float*)x, (__gm__ float*)z);
                               ^~~~~~
/usr/local/Ascend/cann-9.1.0/tools/bisheng_compiler/lib/clang/15.0.5/include/__clang_cce_defines.h:62:31: note: expanded from macro '__gm__'
#define __gm__ __attribute__((cce_global))
                              ^~~~~~~~~~
/home/w00964611/board_3510/csrc/ops/op_sqrt/op_kernel/op_sqrt_kernel.cpp:46:50: warning: 'cce_global' attribute ignored when parsing type [-Wignored-attributes]
    op_sqrt<<<1, 0, stream>>>((__gm__ float*)x, (__gm__ float*)z);
                                                 ^~~~~~
/usr/local/Ascend/cann-9.1.0/tools/bisheng_compiler/lib/clang/15.0.5/include/__clang_cce_defines.h:62:31: note: expanded from macro '__gm__'
#define __gm__ __attribute__((cce_global))
                              ^~~~~~~~~~
2 warnings generated.
[ 94%] bisheng op_sub_kernel
/home/w00964611/board_3510/csrc/ops/op_sub/op_kernel/op_sub_kernel.cpp:50:31: warning: 'cce_global' attribute ignored when parsing type [-Wignored-attributes]
    op_sub<<<1, 0, stream>>>((__gm__ float*)x, (__gm__ float*)y, (__gm__ float*)z);
                              ^~~~~~
/usr/local/Ascend/cann-9.1.0/tools/bisheng_compiler/lib/clang/15.0.5/include/__clang_cce_defines.h:62:31: note: expanded from macro '__gm__'
#define __gm__ __attribute__((cce_global))
                              ^~~~~~~~~~
/home/w00964611/board_3510/csrc/ops/op_sub/op_kernel/op_sub_kernel.cpp:50:49: warning: 'cce_global' attribute ignored when parsing type [-Wignored-attributes]
    op_sub<<<1, 0, stream>>>((__gm__ float*)x, (__gm__ float*)y, (__gm__ float*)z);
                                                ^~~~~~
/usr/local/Ascend/cann-9.1.0/tools/bisheng_compiler/lib/clang/15.0.5/include/__clang_cce_defines.h:62:31: note: expanded from macro '__gm__'
#define __gm__ __attribute__((cce_global))
                              ^~~~~~~~~~
/home/w00964611/board_3510/csrc/ops/op_sub/op_kernel/op_sub_kernel.cpp:50:67: warning: 'cce_global' attribute ignored when parsing type [-Wignored-attributes]
    op_sub<<<1, 0, stream>>>((__gm__ float*)x, (__gm__ float*)y, (__gm__ float*)z);
                                                                  ^~~~~~
/usr/local/Ascend/cann-9.1.0/tools/bisheng_compiler/lib/clang/15.0.5/include/__clang_cce_defines.h:62:31: note: expanded from macro '__gm__'
#define __gm__ __attribute__((cce_global))
                              ^~~~~~~~~~
3 warnings generated.
[ 95%] bisheng op_trunc_kernel
/home/w00964611/board_3510/csrc/ops/op_trunc/op_kernel/op_trunc_kernel.cpp:46:33: warning: 'cce_global' attribute ignored when parsing type [-Wignored-attributes]
    op_trunc<<<1, 0, stream>>>((__gm__ float*)x, (__gm__ float*)z);
                                ^~~~~~
/usr/local/Ascend/cann-9.1.0/tools/bisheng_compiler/lib/clang/15.0.5/include/__clang_cce_defines.h:62:31: note: expanded from macro '__gm__'
#define __gm__ __attribute__((cce_global))
                              ^~~~~~~~~~
/home/w00964611/board_3510/csrc/ops/op_trunc/op_kernel/op_trunc_kernel.cpp:46:51: warning: 'cce_global' attribute ignored when parsing type [-Wignored-attributes]
    op_trunc<<<1, 0, stream>>>((__gm__ float*)x, (__gm__ float*)z);
                                                  ^~~~~~
/usr/local/Ascend/cann-9.1.0/tools/bisheng_compiler/lib/clang/15.0.5/include/__clang_cce_defines.h:62:31: note: expanded from macro '__gm__'
#define __gm__ __attribute__((cce_global))
                              ^~~~~~~~~~
2 warnings generated.
gmake[2]: Target 'CMakeFiles/_C.dir/depend' not remade because of errors.
gmake[1]: *** [CMakeFiles/Makefile2:1024: CMakeFiles/_C.dir/all] Error 2
gmake[1]: Target 'all' not remade because of errors.
gmake: *** [Makefile:91: all] Error 2
gmake: Target 'default_target' not remade because of errors.
